C:\hlocal\SE\Proyecto\Practica2\implementation\system.ngc 1614223819
C:/hlocal/SE/Proyecto/Practica2/implementation/system_xps_uartlite_0_wrapper.ngc 1614223672
C:/hlocal/SE/Proyecto/Practica2/implementation/system_xps_bram_if_cntlr_0_wrapper.ngc 1614223672
C:/hlocal/SE/Proyecto/Practica2/implementation/system_switches_wrapper.ngc 1614223672
C:/hlocal/SE/Proyecto/Practica2/implementation/system_plb_v46_0_wrapper.ngc 1614223672
C:/hlocal/SE/Proyecto/Practica2/implementation/system_microblaze_0_wrapper.ngc 1614223672
C:/hlocal/SE/Proyecto/Practica2/implementation/system_leds_wrapper.ngc 1614223672
C:/hlocal/SE/Proyecto/Practica2/implementation/system_infrarrojos_0_wrapper.ngc 1614223682
C:/hlocal/SE/Proyecto/Practica2/implementation/system_hexkeypad_0_wrapper.ngc 1614223692
C:/hlocal/SE/Proyecto/Practica2/implementation/system_bram_block_0_wrapper.ngc 1614223672
C:/hlocal/SE/Proyecto/Practica2/implementation/system_matriz_de_puntos_0_wrapper.ngc 1614223709
C:/hlocal/SE/Proyecto/Practica2/implementation/system_leds_rgb_0_wrapper.ngc 1614223722
OK
