--------------------------------------------------------------------------------
Release 14.1 Trace  (nt64)
Copyright (c) 1995-2012 Xilinx, Inc.  All rights reserved.

C:\software\electronica\xilinx\14.1\ISE_DS\ISE\bin\nt64\unwrapped\trce.exe
-intstyle ise -v 3 -s 5 -n 3 -fastpaths -xml sintesis_cerrojo.twx
sintesis_cerrojo.ncd -o sintesis_cerrojo.twr sintesis_cerrojo.pcf -ucf
modelo3.0.ucf

Design file:              sintesis_cerrojo.ncd
Physical constraint file: sintesis_cerrojo.pcf
Device,package,speed:     xc3s1000,ft256,-5 (PRODUCTION 1.39 2012-04-23)
Report level:             verbose report

Environment Variable      Effect 
--------------------      ------ 
NONE                      No environment variables were set
--------------------------------------------------------------------------------

INFO:Timing:2698 - No timing constraints found, doing default enumeration.
INFO:Timing:3412 - To improve timing, see the Timing Closure User Guide (UG612).
INFO:Timing:2752 - To get complete path coverage, use the unconstrained paths 
   option. All paths that are not constrained will be reported in the 
   unconstrained paths section(s) of the report.
INFO:Timing:3339 - The clock-to-out numbers in this timing report are based on 
   a 50 Ohm transmission line loading model.  For the details of this model, 
   and for more information on accounting for different loading conditions, 
   please see the device datasheet.
INFO:Timing:3390 - This architecture does not support a default System Jitter 
   value, please add SYSTEM_JITTER constraint to the UCF to modify the Clock 
   Uncertainty calculation.
INFO:Timing:3389 - This architecture does not support 'Discrete Jitter' and 
   'Phase Error' calculations, these terms will be zero in the Clock 
   Uncertainty calculation.  Please make appropriate modification to 
   SYSTEM_JITTER to account for the unsupported Discrete Jitter and Phase 
   Error.



Data Sheet report:
-----------------
All values displayed in nanoseconds (ns)

Setup/Hold to clock clk
------------+------------+------------+------------------+--------+
            |Max Setup to|Max Hold to |                  | Clock  |
Source      | clk (edge) | clk (edge) |Internal Clock(s) | Phase  |
------------+------------+------------+------------------+--------+
boton       |    1.261(R)|   -0.009(R)|clk_BUFGP         |   0.000|
clave<0>    |    5.963(R)|   -0.722(R)|clk_BUFGP         |   0.000|
clave<1>    |    6.035(R)|   -1.127(R)|clk_BUFGP         |   0.000|
clave<2>    |    6.573(R)|    0.031(R)|clk_BUFGP         |   0.000|
clave<3>    |    6.578(R)|   -0.902(R)|clk_BUFGP         |   0.000|
clave<4>    |    5.457(R)|   -0.725(R)|clk_BUFGP         |   0.000|
clave<5>    |    5.688(R)|   -0.952(R)|clk_BUFGP         |   0.000|
clave<6>    |    4.700(R)|    0.681(R)|clk_BUFGP         |   0.000|
clave<7>    |    6.108(R)|   -0.425(R)|clk_BUFGP         |   0.000|
rst         |    7.963(R)|   -0.587(R)|clk_BUFGP         |   0.000|
------------+------------+------------+------------------+--------+

Clock clk to Pad
------------+------------+------------------+--------+
            | clk (edge) |                  | Clock  |
Destination |   to PAD   |Internal Clock(s) | Phase  |
------------+------------+------------------+--------+
bloqueado<0>|   11.132(R)|clk_BUFGP         |   0.000|
bloqueado<1>|   11.417(R)|clk_BUFGP         |   0.000|
bloqueado<2>|   11.434(R)|clk_BUFGP         |   0.000|
bloqueado<3>|   11.426(R)|clk_BUFGP         |   0.000|
bloqueado<4>|   11.944(R)|clk_BUFGP         |   0.000|
bloqueado<5>|   11.391(R)|clk_BUFGP         |   0.000|
bloqueado<6>|   11.392(R)|clk_BUFGP         |   0.000|
bloqueado<7>|   11.277(R)|clk_BUFGP         |   0.000|
bloqueado<8>|   11.571(R)|clk_BUFGP         |   0.000|
bloqueado<9>|   11.575(R)|clk_BUFGP         |   0.000|
display<0>  |   10.987(R)|clk_BUFGP         |   0.000|
display<1>  |   11.586(R)|clk_BUFGP         |   0.000|
display<2>  |   12.306(R)|clk_BUFGP         |   0.000|
display<3>  |   12.252(R)|clk_BUFGP         |   0.000|
display<4>  |   11.415(R)|clk_BUFGP         |   0.000|
display<5>  |   11.960(R)|clk_BUFGP         |   0.000|
display<6>  |   12.050(R)|clk_BUFGP         |   0.000|
------------+------------+------------------+--------+

Clock to Setup on destination clock clk
---------------+---------+---------+---------+---------+
               | Src:Rise| Src:Fall| Src:Rise| Src:Fall|
Source Clock   |Dest:Rise|Dest:Rise|Dest:Fall|Dest:Fall|
---------------+---------+---------+---------+---------+
clk            |    5.480|         |         |         |
---------------+---------+---------+---------+---------+


Analysis completed Mon Sep 25 19:13:59 2023 
--------------------------------------------------------------------------------

Trace Settings:
-------------------------
Trace Settings 

Peak Memory Usage: 4503 MB



