EN matriz_de_puntos NULL C:/hlocal/SE/Proyecto/Practica2/pcores/matriz_de_puntos_v1_00_a/hdl/vhdl/matriz_de_puntos.vhd sub00/vhpl02 1614220599
AR user_logic imp C:/hlocal/SE/Proyecto/Practica2/pcores/matriz_de_puntos_v1_00_a/hdl/vhdl/user_logic.vhd sub00/vhpl01 1614220598
EN user_logic NULL C:/hlocal/SE/Proyecto/Practica2/pcores/matriz_de_puntos_v1_00_a/hdl/vhdl/user_logic.vhd sub00/vhpl00 1614220597
AR matriz_de_puntos imp C:/hlocal/SE/Proyecto/Practica2/pcores/matriz_de_puntos_v1_00_a/hdl/vhdl/matriz_de_puntos.vhd sub00/vhpl03 1614220600
