AR user_logic imp C:/hlocal/SE/Proyecto/Practica2/pcores/hexkeypad_v1_00_a/hdl/vhdl/user_logic.vhd sub00/vhpl01 1614199491
EN user_logic NULL C:/hlocal/SE/Proyecto/Practica2/pcores/hexkeypad_v1_00_a/hdl/vhdl/user_logic.vhd sub00/vhpl00 1614199490
AR hexkeypad imp C:/hlocal/SE/Proyecto/Practica2/pcores/hexkeypad_v1_00_a/hdl/vhdl/hexkeypad.vhd sub00/vhpl03 1614199493
EN hexkeypad NULL C:/hlocal/SE/Proyecto/Practica2/pcores/hexkeypad_v1_00_a/hdl/vhdl/hexkeypad.vhd sub00/vhpl02 1614199492
