V3 12
FL C:/hlocal/SE/Proyecto/Practica2/pcores/hexkeypad_v1_00_a/hdl/vhdl/hexkeypad.vhd 2021/02/24.21:35:47 P.15xf
EN hexkeypad_v1_00_a/hexkeypad 1614199492 \
      FL C:/hlocal/SE/Proyecto/Practica2/pcores/hexkeypad_v1_00_a/hdl/vhdl/hexkeypad.vhd \
      PB ieee/std_logic_1164 1335251622 PB ieee/std_logic_arith 1335251623 \
      PB ieee/STD_LOGIC_UNSIGNED 1335251625 LB proc_common_v3_00_a \
      PB proc_common_v3_00_a/proc_common_pkg 1614199469 \
      PB proc_common_v3_00_a/ipif_pkg 1614199481 LB plbv46_slave_single_v1_01_a \
      EN plbv46_slave_single_v1_01_a/plbv46_slave_single 1614199488 \
      LB hexkeypad_v1_00_a EN hexkeypad_v1_00_a/user_logic 1614199490
AR hexkeypad_v1_00_a/hexkeypad/IMP 1614199493 \
      FL C:/hlocal/SE/Proyecto/Practica2/pcores/hexkeypad_v1_00_a/hdl/vhdl/hexkeypad.vhd \
      EN hexkeypad_v1_00_a/hexkeypad 1614199492 \
      CP plbv46_slave_single_v1_01_a/plbv46_slave_single \
      CP hexkeypad_v1_00_a/user_logic
FL C:/hlocal/SE/Proyecto/Practica2/pcores/hexkeypad_v1_00_a/hdl/vhdl/user_logic.vhd 2020/08/24.15:33:26 P.15xf
EN hexkeypad_v1_00_a/user_logic 1614199490 \
      FL C:/hlocal/SE/Proyecto/Practica2/pcores/hexkeypad_v1_00_a/hdl/vhdl/user_logic.vhd \
      PB ieee/std_logic_1164 1335251622 PB ieee/std_logic_arith 1335251623 \
      PB ieee/STD_LOGIC_UNSIGNED 1335251625 LB proc_common_v3_00_a \
      PB proc_common_v3_00_a/proc_common_pkg 1614199469
AR hexkeypad_v1_00_a/user_logic/IMP 1614199491 \
      FL C:/hlocal/SE/Proyecto/Practica2/pcores/hexkeypad_v1_00_a/hdl/vhdl/user_logic.vhd \
      EN hexkeypad_v1_00_a/user_logic 1614199490 CP teclaDetect
