--------------------------------------------------------------------------------
Release 14.1 Trace  (nt64)
Copyright (c) 1995-2012 Xilinx, Inc.  All rights reserved.

C:\software\electronica\xilinx\14.1\ISE_DS\ISE\bin\nt64\unwrapped\trce.exe -e 3
-xml system.twx system.ncd system.pcf

Design file:              system.ncd
Physical constraint file: system.pcf
Device,package,speed:     xc3s1000,ft256,-5 (PRODUCTION 1.39 2012-04-23)
Report level:             error report

Environment Variable      Effect 
--------------------      ------ 
NONE                      No environment variables were set
--------------------------------------------------------------------------------

INFO:Timing:2698 - No timing constraints found, doing default enumeration.
INFO:Timing:3412 - To improve timing, see the Timing Closure User Guide (UG612).
INFO:Timing:2752 - To get complete path coverage, use the unconstrained paths 
   option. All paths that are not constrained will be reported in the 
   unconstrained paths section(s) of the report.
INFO:Timing:3339 - The clock-to-out numbers in this timing report are based on 
   a 50 Ohm transmission line loading model.  For the details of this model, 
   and for more information on accounting for different loading conditions, 
   please see the device datasheet.
INFO:Timing:3390 - This architecture does not support a default System Jitter 
   value, please add SYSTEM_JITTER constraint to the UCF to modify the Clock 
   Uncertainty calculation.
INFO:Timing:3389 - This architecture does not support 'Discrete Jitter' and 
   'Phase Error' calculations, these terms will be zero in the Clock 
   Uncertainty calculation.  Please make appropriate modification to 
   SYSTEM_JITTER to account for the unsupported Discrete Jitter and Phase 
   Error.



Data Sheet report:
-----------------
All values displayed in nanoseconds (ns)

Setup/Hold to clock Clk_pin
------------+------------+------------+------------------+--------+
            |Max Setup to|Max Hold to |                  | Clock  |
Source      | clk (edge) | clk (edge) |Internal Clock(s) | Phase  |
------------+------------+------------+------------------+--------+
RX_pin      |    3.342(R)|   -1.221(R)|Clk_pin_BUFGP     |   0.000|
Rst_pin     |    3.620(R)|   -0.657(R)|Clk_pin_BUFGP     |   0.000|
switches<5> |    5.040(R)|   -1.488(R)|Clk_pin_BUFGP     |   0.000|
------------+------------+------------+------------------+--------+

Clock Clk_pin to Pad
------------+------------+------------------+--------+
            | clk (edge) |                  | Clock  |
Destination |   to PAD   |Internal Clock(s) | Phase  |
------------+------------+------------------+--------+
TX_pin      |    6.523(R)|Clk_pin_BUFGP     |   0.000|
leds<0>     |   12.285(R)|Clk_pin_BUFGP     |   0.000|
leds<1>     |   12.747(R)|Clk_pin_BUFGP     |   0.000|
leds<2>     |   12.187(R)|Clk_pin_BUFGP     |   0.000|
leds<3>     |   12.479(R)|Clk_pin_BUFGP     |   0.000|
leds<4>     |   13.239(R)|Clk_pin_BUFGP     |   0.000|
leds<5>     |   12.918(R)|Clk_pin_BUFGP     |   0.000|
leds<6>     |   11.485(R)|Clk_pin_BUFGP     |   0.000|
leds<7>     |   11.246(R)|Clk_pin_BUFGP     |   0.000|
------------+------------+------------------+--------+

Clock to Setup on destination clock Clk_pin
---------------+---------+---------+---------+---------+
               | Src:Rise| Src:Fall| Src:Rise| Src:Fall|
Source Clock   |Dest:Rise|Dest:Rise|Dest:Fall|Dest:Fall|
---------------+---------+---------+---------+---------+
Clk_pin        |   10.786|         |         |         |
---------------+---------+---------+---------+---------+

Pad to Pad
---------------+---------------+---------+
Source Pad     |Destination Pad|  Delay  |
---------------+---------------+---------+
switches<4>    |leds<0>        |   11.294|
switches<4>    |leds<1>        |   11.806|
switches<4>    |leds<2>        |   11.172|
switches<4>    |leds<3>        |   11.657|
switches<4>    |leds<4>        |   12.827|
switches<4>    |leds<5>        |   11.362|
switches<4>    |leds<6>        |   10.578|
switches<4>    |leds<7>        |   10.098|
switches<6>    |leds<0>        |   13.195|
switches<6>    |leds<1>        |   13.312|
switches<6>    |leds<2>        |   12.717|
switches<6>    |leds<3>        |   13.132|
switches<6>    |leds<4>        |   12.559|
switches<6>    |leds<5>        |   12.087|
switches<6>    |leds<6>        |   10.662|
switches<6>    |leds<7>        |   11.003|
switches<7>    |leds<0>        |   13.944|
switches<7>    |leds<1>        |   14.196|
switches<7>    |leds<2>        |   14.148|
switches<7>    |leds<3>        |   14.016|
switches<7>    |leds<4>        |   13.910|
switches<7>    |leds<5>        |   13.265|
switches<7>    |leds<6>        |   12.206|
switches<7>    |leds<7>        |   11.961|
---------------+---------------+---------+


Analysis completed Wed Nov 22 17:14:51 2023 
--------------------------------------------------------------------------------

Trace Settings:
-------------------------
Trace Settings 

Peak Memory Usage: 4553 MB



