AR user_logic imp C:/hlocal/SE/Proyecto/Practica2/pcores/infrarrojos_v1_00_a/hdl/vhdl/user_logic.vhd sub00/vhpl01 1614096996
AR infrarrojos imp C:/hlocal/SE/Proyecto/Practica2/pcores/infrarrojos_v1_00_a/hdl/vhdl/infrarrojos.vhd sub00/vhpl03 1614096998
EN user_logic NULL C:/hlocal/SE/Proyecto/Practica2/pcores/infrarrojos_v1_00_a/hdl/vhdl/user_logic.vhd sub00/vhpl00 1614096995
EN infrarrojos NULL C:/hlocal/SE/Proyecto/Practica2/pcores/infrarrojos_v1_00_a/hdl/vhdl/infrarrojos.vhd sub00/vhpl02 1614096997
