AR coprocesador imp U:/hlocal/P2_SE/pcores/coprocesador_v1_00_a/hdl/vhdl/coprocesador.vhd sub00/vhpl03 1697642712
AR user_logic imp U:/hlocal/P2_SE/pcores/coprocesador_v1_00_a/hdl/vhdl/user_logic.vhd sub00/vhpl01 1697642735
EN user_logic NULL U:/hlocal/P2_SE/pcores/coprocesador_v1_00_a/hdl/vhdl/user_logic.vhd sub00/vhpl00 1697642734
EN coprocesador NULL U:/hlocal/P2_SE/pcores/coprocesador_v1_00_a/hdl/vhdl/coprocesador.vhd sub00/vhpl02 1697642711
