V3 34
FL C:/Xilinx/14.1/ISE_DS/EDK/hw/XilinxProcessorIPLib/pcores/wrpfifo_v5_01_a/hdl/vhdl/blkmem_wrapper.vhd 2012/04/24.10:02:14 P.15xf
EN wrpfifo_v5_01_a/blkmem_wrapper 1614220591 \
      FL C:/Xilinx/14.1/ISE_DS/EDK/hw/XilinxProcessorIPLib/pcores/wrpfifo_v5_01_a/hdl/vhdl/blkmem_wrapper.vhd \
      PB ieee/std_logic_1164 1335251622 PB ieee/NUMERIC_STD 1335251627 \
      LB proc_common_v3_00_a EN proc_common_v3_00_a/blk_mem_gen_wrapper 1614220567 \
      PB proc_common_v3_00_a/family_support 1614220557
AR wrpfifo_v5_01_a/blkmem_wrapper/implementation 1614220592 \
      FL C:/Xilinx/14.1/ISE_DS/EDK/hw/XilinxProcessorIPLib/pcores/wrpfifo_v5_01_a/hdl/vhdl/blkmem_wrapper.vhd \
      EN wrpfifo_v5_01_a/blkmem_wrapper 1614220591 \
      CP proc_common_v3_00_a/blk_mem_gen_wrapper
FL C:/Xilinx/14.1/ISE_DS/EDK/hw/XilinxProcessorIPLib/pcores/wrpfifo_v5_01_a/hdl/vhdl/ipif_control_wr_dre.vhd 2012/04/24.10:02:14 P.15xf
EN wrpfifo_v5_01_a/ipif_control_wr_dre 1614220587 \
      FL C:/Xilinx/14.1/ISE_DS/EDK/hw/XilinxProcessorIPLib/pcores/wrpfifo_v5_01_a/hdl/vhdl/ipif_control_wr_dre.vhd \
      PB ieee/std_logic_1164 1335251622 PB ieee/NUMERIC_STD 1335251627 \
      LB proc_common_v3_00_a PB proc_common_v3_00_a/proc_common_pkg 1614220553
AR wrpfifo_v5_01_a/ipif_control_wr_dre/implementation 1614220588 \
      FL C:/Xilinx/14.1/ISE_DS/EDK/hw/XilinxProcessorIPLib/pcores/wrpfifo_v5_01_a/hdl/vhdl/ipif_control_wr_dre.vhd \
      EN wrpfifo_v5_01_a/ipif_control_wr_dre 1614220587 CP std_logic_vector \
      CP std_logic
FL C:/Xilinx/14.1/ISE_DS/EDK/hw/XilinxProcessorIPLib/pcores/wrpfifo_v5_01_a/hdl/vhdl/pf_dly1_mux.vhd 2012/04/24.10:02:14 P.15xf
EN wrpfifo_v5_01_a/pf_dly1_mux 1614220581 \
      FL C:/Xilinx/14.1/ISE_DS/EDK/hw/XilinxProcessorIPLib/pcores/wrpfifo_v5_01_a/hdl/vhdl/pf_dly1_mux.vhd \
      PB ieee/std_logic_1164 1335251622 LB unisim PH unisim/VCOMPONENTS 1335251629
AR wrpfifo_v5_01_a/pf_dly1_mux/implementation 1614220582 \
      FL C:/Xilinx/14.1/ISE_DS/EDK/hw/XilinxProcessorIPLib/pcores/wrpfifo_v5_01_a/hdl/vhdl/pf_dly1_mux.vhd \
      EN wrpfifo_v5_01_a/pf_dly1_mux 1614220581 CP LUT4 CP FDRE
FL C:/Xilinx/14.1/ISE_DS/EDK/hw/XilinxProcessorIPLib/pcores/wrpfifo_v5_01_a/hdl/vhdl/wrpfifo_dp_cntl.vhd 2012/04/24.10:02:14 P.15xf
EN wrpfifo_v5_01_a/wrpfifo_dp_cntl 1614220589 \
      FL C:/Xilinx/14.1/ISE_DS/EDK/hw/XilinxProcessorIPLib/pcores/wrpfifo_v5_01_a/hdl/vhdl/wrpfifo_dp_cntl.vhd \
      PB ieee/std_logic_1164 1335251622 PB ieee/STD_LOGIC_UNSIGNED 1335251625 \
      PB ieee/NUMERIC_STD 1335251627 LB proc_common_v3_00_a \
      EN proc_common_v3_00_a/pf_counter_top 1614220560 \
      EN proc_common_v3_00_a/pf_occ_counter_top 1614220558 \
      EN proc_common_v3_00_a/pf_adder 1614220562 LB wrpfifo_v5_01_a \
      EN wrpfifo_v5_01_a/pf_dly1_mux 1614220581
AR wrpfifo_v5_01_a/wrpfifo_dp_cntl/implementation 1614220590 \
      FL C:/Xilinx/14.1/ISE_DS/EDK/hw/XilinxProcessorIPLib/pcores/wrpfifo_v5_01_a/hdl/vhdl/wrpfifo_dp_cntl.vhd \
      EN wrpfifo_v5_01_a/wrpfifo_dp_cntl 1614220589 CP std_logic \
      CP transition_state_type CP std_logic_vector CP wrpfifo_v5_01_a/pf_dly1_mux \
      CP proc_common_v3_00_a/pf_occ_counter_top \
      CP proc_common_v3_00_a/pf_counter_top CP boolean \
      CP proc_common_v3_00_a/pf_adder
FL C:/Xilinx/14.1/ISE_DS/EDK/hw/XilinxProcessorIPLib/pcores/wrpfifo_v5_01_a/hdl/vhdl/wrpfifo_top.vhd 2012/04/24.10:02:14 P.15xf
EN wrpfifo_v5_01_a/wrpfifo_top 1614220593 \
      FL C:/Xilinx/14.1/ISE_DS/EDK/hw/XilinxProcessorIPLib/pcores/wrpfifo_v5_01_a/hdl/vhdl/wrpfifo_top.vhd \
      PB ieee/std_logic_1164 1335251622 PB ieee/NUMERIC_STD 1335251627 \
      LB proc_common_v3_00_a EN proc_common_v3_00_a/srl16_fifo 1614220569 \
      EN proc_common_v3_00_a/pf_dpram_select 1614220571 \
      PB proc_common_v3_00_a/family_support 1614220557 LB wrpfifo_v5_01_a \
      EN wrpfifo_v5_01_a/ipif_control_wr_dre 1614220587 \
      EN wrpfifo_v5_01_a/wrpfifo_dp_cntl 1614220589 \
      EN wrpfifo_v5_01_a/blkmem_wrapper 1614220591
AR wrpfifo_v5_01_a/wrpfifo_top/implementation 1614220594 \
      FL C:/Xilinx/14.1/ISE_DS/EDK/hw/XilinxProcessorIPLib/pcores/wrpfifo_v5_01_a/hdl/vhdl/wrpfifo_top.vhd \
      EN wrpfifo_v5_01_a/wrpfifo_top 1614220593 \
      CP wrpfifo_v5_01_a/ipif_control_wr_dre CP wrpfifo_v5_01_a/wrpfifo_dp_cntl \
      CP proc_common_v3_00_a/pf_dpram_select CP wrpfifo_v5_01_a/blkmem_wrapper \
      CP proc_common_v3_00_a/srl16_fifo
