V3 3
FL C:/hlocal/SE/Proyecto/Practica2/pcores/hexkeypad_v1_00_a/hdl/vhdl/teclaDetect.vhd 2020/08/24.15:33:26 P.15xf
EN work/teclaDetect 1614199484 \
      FL C:/hlocal/SE/Proyecto/Practica2/pcores/hexkeypad_v1_00_a/hdl/vhdl/teclaDetect.vhd \
      PB ieee/std_logic_1164 1335251622 PB ieee/STD_LOGIC_UNSIGNED 1335251625
AR work/teclaDetect/Behavioral 1614199485 \
      FL C:/hlocal/SE/Proyecto/Practica2/pcores/hexkeypad_v1_00_a/hdl/vhdl/teclaDetect.vhd \
      EN work/teclaDetect 1614199484
